PHASE 6 EXTERNAL VERIFIER FINAL GATES

FINAL RUNTIME TIP: 457547efcd899bc3695394d31dd988dc59cd6690
BRANCH: impl/tasks-p6-external

Fresh Terra exploratory acceptance: PASS on exact final tip.
- New isolated Parent A and student contexts used separate Tasks/Postgres/external-verifier-fixture processes.
- Safe catalog read, fresh author/publish/schedule, fresh pairing, submit, in-flight reload, durable completion, and matching Parent Inspect passed.
- No endpoint, secret, signature, callback body, opaque identifier, or private reasoning rendered or retained.

Promoted browser regression after exploratory PASS:
COMMAND: PRIMER_TASKS_EXPLORATORY_BROWSER_PASS=1 PRIMER_TASKS_BASE_URL=[configured] PRIMER_TASKS_BROWSER_COMMAND='npx playwright test e2e/external-verifier-progress.spec.ts' npm run browser:test
RESULT: PASS — 1 passed (7.1s)

Independent Chrome redrive after Playwright:
RESULT: PASS — new isolated parent/student contexts, fresh task/pairing, reload recovery, durable completion, and matching Parent Inspect.

Separate process boundary:
COMMAND: make tasks-external-e2e
RESULT: PASS — standalone fixture process, own ledger, signed callback sequence, and effective request behavior.

Code gates on final tip:
- go test ./... -count=1: PASS
- go test -race ./... -count=1: PASS
- make tasks-cover: PASS — 85.0% >= 85%
- make tasks-clients, tasks-typecheck, tasks-lint, tasks-web: PASS
- fixture tests and Compose health: PASS

Residuals recorded rather than hidden: unrelated Parent Inspect artifact-inspection 404s and the dev-app CSP inline-style issue. They are outside the external-callback acceptance path. No raw snapshots or test-results retained.
